#-----------------------------------------------------------
# Vivado v2024.2 (64-bit)
# SW Build 5239630 on Fri Nov 08 22:35:27 MST 2024
# IP Build 5239520 on Sun Nov 10 16:12:51 MST 2024
# SharedData Build 5239561 on Fri Nov 08 14:39:27 MST 2024
# Start of session at: Sat Feb 22 17:42:11 2025
# Process ID         : 15896
# Current directory  : D:/new_single_synchronisation_with_EM_new_sensor
# Command line       : vivado.exe -gui_launcher_event rodinguilauncherevent38360 D:\new_single_synchronisation_with_EM_new_sensor\new_single_synchronisation.xpr
# Log file           : D:/new_single_synchronisation_with_EM_new_sensor/vivado.log
# Journal file       : D:/new_single_synchronisation_with_EM_new_sensor\vivado.jou
# Running On         : HanYX
# Platform           : Windows Server 2016 or Windows 10
# Operating System   : 22631
# Processor Detail   : Intel(R) Core(TM) Ultra 9 185H
# CPU Frequency      : 3072 MHz
# CPU Physical cores : 16
# CPU Logical cores  : 22
# Host memory        : 33745 MB
# Swap memory        : 5100 MB
# Total Virtual      : 38845 MB
# Available Virtual  : 14883 MB
#-----------------------------------------------------------
start_gui
open_project D:/new_single_synchronisation_with_EM_new_sensor/new_single_synchronisation.xpr
update_compile_order -fileset sources_1
close [ open D:/new_single_synchronisation_with_EM_new_sensor/new_single_synchronisation.srcs/sources_1/new/N_Stage_Synchroniser.sv w ]
add_files D:/new_single_synchronisation_with_EM_new_sensor/new_single_synchronisation.srcs/sources_1/new/N_Stage_Synchroniser.sv
update_compile_order -fileset sources_1
# Disabling source management mode.  This is to allow the top design properties to be set without GUI intervention.
set_property source_mgmt_mode None [current_project]
set_property top N_Stage_Synchroniser [current_fileset]
# Re-enabling previously disabled source management mode.
set_property source_mgmt_mode All [current_project]
update_compile_order -fileset sources_1
synth_design -rtl -rtl_skip_mlo -name rtl_1
refresh_design
reset_run synth_1
launch_runs synth_1 -jobs 11
wait_on_run synth_1
open_run synth_1 -name synth_1
export_ip_user_files -of_objects  [get_files D:/new_single_synchronisation_with_EM_new_sensor/new_single_synchronisation.srcs/sources_1/new/N_Stage_Synchroniser.sv] -no_script -reset -force -quiet
remove_files  D:/new_single_synchronisation_with_EM_new_sensor/new_single_synchronisation.srcs/sources_1/new/N_Stage_Synchroniser.sv
file delete -force D:/new_single_synchronisation_with_EM_new_sensor/new_single_synchronisation.srcs/sources_1/new/N_Stage_Synchroniser.sv
update_compile_order -fileset sources_1
update_compile_order -fileset sources_1
close [ open D:/new_single_synchronisation_with_EM_new_sensor/new_single_synchronisation.srcs/sources_1/new/2FF_Synchroniser.sv w ]
add_files D:/new_single_synchronisation_with_EM_new_sensor/new_single_synchronisation.srcs/sources_1/new/2FF_Synchroniser.sv
update_compile_order -fileset sources_1
export_ip_user_files -of_objects  [get_files D:/new_single_synchronisation_with_EM_new_sensor/new_single_synchronisation.srcs/sources_1/new/2FF_Synchroniser.sv] -no_script -reset -force -quiet
remove_files  D:/new_single_synchronisation_with_EM_new_sensor/new_single_synchronisation.srcs/sources_1/new/2FF_Synchroniser.sv
file delete -force D:/new_single_synchronisation_with_EM_new_sensor/new_single_synchronisation.srcs/sources_1/new/2FF_Synchroniser.sv
close [ open D:/new_single_synchronisation_with_EM_new_sensor/new_single_synchronisation.srcs/sources_1/new/Dual_FF_Synchroniser.sv w ]
add_files D:/new_single_synchronisation_with_EM_new_sensor/new_single_synchronisation.srcs/sources_1/new/Dual_FF_Synchroniser.sv
update_compile_order -fileset sources_1
# Disabling source management mode.  This is to allow the top design properties to be set without GUI intervention.
set_property source_mgmt_mode None [current_project]
set_property top Dual_FF_Synchroniser [current_fileset]
# Re-enabling previously disabled source management mode.
set_property source_mgmt_mode All [current_project]
update_compile_order -fileset sources_1
current_design rtl_1
refresh_design
# Disabling source management mode.  This is to allow the top design properties to be set without GUI intervention.
set_property source_mgmt_mode None [current_project]
set_property top top [current_fileset]
# Re-enabling previously disabled source management mode.
set_property source_mgmt_mode All [current_project]
update_compile_order -fileset sources_1
update_compile_order -fileset sources_1
update_compile_order -fileset sources_1
update_compile_order -fileset sources_1
# Disabling source management mode.  This is to allow the top design properties to be set without GUI intervention.
set_property source_mgmt_mode None [current_project]
set_property top top [current_fileset]
# Re-enabling previously disabled source management mode.
set_property source_mgmt_mode All [current_project]
update_compile_order -fileset sources_1
update_compile_order -fileset sources_1
