#-----------------------------------------------------------
# Vivado v2024.2 (64-bit)
# SW Build 5239630 on Fri Nov 08 22:35:27 MST 2024
# IP Build 5239520 on Sun Nov 10 16:12:51 MST 2024
# SharedData Build 5239561 on Fri Nov 08 14:39:27 MST 2024
# Start of session at: Mon Feb  3 11:54:31 2025
# Process ID         : 19012
# Current directory  : D:/new_single_synchronisation_with_EM
# Command line       : vivado.exe -gui_launcher_event rodinguilauncherevent23088 D:\new_single_synchronisation_with_EM\new_single_synchronisation.xpr
# Log file           : D:/new_single_synchronisation_with_EM/vivado.log
# Journal file       : D:/new_single_synchronisation_with_EM\vivado.jou
# Running On         : HanYX
# Platform           : Windows Server 2016 or Windows 10
# Operating System   : 22631
# Processor Detail   : Intel(R) Core(TM) Ultra 9 185H
# CPU Frequency      : 3072 MHz
# CPU Physical cores : 16
# CPU Logical cores  : 22
# Host memory        : 33745 MB
# Swap memory        : 5100 MB
# Total Virtual      : 38845 MB
# Available Virtual  : 21437 MB
#-----------------------------------------------------------
start_gui
open_project D:/new_single_synchronisation_with_EM/new_single_synchronisation.xpr
update_compile_order -fileset sources_1
close [ open D:/new_single_synchronisation_with_EM/new_single_synchronisation.srcs/sources_1/new/EM_Controller.v w ]
add_files D:/new_single_synchronisation_with_EM/new_single_synchronisation.srcs/sources_1/new/EM_Controller.v
update_compile_order -fileset sources_1
set_property SOURCE_SET sources_1 [get_filesets sim_1]
close [ open D:/new_single_synchronisation_with_EM/new_single_synchronisation.srcs/sim_1/new/EM_Controller_tb.v w ]
add_files -fileset sim_1 D:/new_single_synchronisation_with_EM/new_single_synchronisation.srcs/sim_1/new/EM_Controller_tb.v
update_compile_order -fileset sim_1
# Disabling source management mode.  This is to allow the top design properties to be set without GUI intervention.
set_property source_mgmt_mode None [current_project]
set_property top EM_Controller_tb [get_filesets sim_1]
set_property top_lib xil_defaultlib [get_filesets sim_1]
# Re-enabling previously disabled source management mode.
set_property source_mgmt_mode All [current_project]
update_compile_order -fileset sim_1
launch_simulation
source EM_Controller_tb.tcl
close_sim
launch_simulation
source EM_Controller_tb.tcl
close_sim
launch_simulation
source EM_Controller_tb.tcl
close_sim
launch_simulation
source EM_Controller_tb.tcl
close_sim
launch_simulation
source EM_Controller_tb.tcl
close_sim
launch_simulation
source EM_Controller_tb.tcl
close_sim
launch_simulation
source EM_Controller_tb.tcl
close_sim
launch_simulation
source EM_Controller_tb.tcl
close_sim
launch_simulation
source EM_Controller_tb.tcl
close_sim
launch_simulation
source EM_Controller_tb.tcl
add wave -recursive
close_sim
launch_simulation
source EM_Controller_tb.tcl
add wave -recursive
add wave -recursive /*
add_wave -recursive
add_wave * -recursive
relaunch_sim
close_sim
launch_simulation
source EM_Controller_tb.tcl
add_wave * -recursive
relaunch_sim
close_sim
launch_simulation
source EM_Controller_tb.tcl
add_wave * -recursive
relaunch_sim
run all
close_sim
launch_simulation
source EM_Controller_tb.tcl
close_sim
launch_simulation
source EM_Controller_tb.tcl
close_sim
launch_simulation
source EM_Controller_tb.tcl
close_sim
launch_simulation
source EM_Controller_tb.tcl
add_wave * -recursive
relaunch_sim
close_sim
launch_simulation
source EM_Controller_tb.tcl
close_sim
launch_simulation
source EM_Controller_tb.tcl
relaunch_sim
add_wave * -recursive
relaunch_sim
close_sim
launch_simulation
source EM_Controller_tb.tcl
close_sim
launch_simulation
source EM_Controller_tb.tcl
close_sim
launch_simulation
source EM_Controller_tb.tcl
close_sim
launch_simulation
source EM_Controller_tb.tcl
close_sim
launch_simulation
source EM_Controller_tb.tcl
close_sim
launch_simulation
source EM_Controller_tb.tcl
update_compile_order -fileset sources_1
update_compile_order -fileset sources_1
# Disabling source management mode.  This is to allow the top design properties to be set without GUI intervention.
set_property source_mgmt_mode None [current_project]
set_property top top [current_fileset]
# Re-enabling previously disabled source management mode.
set_property source_mgmt_mode All [current_project]
update_compile_order -fileset sources_1
reset_run synth_1
launch_runs impl_1 -to_step write_bitstream -jobs 11
wait_on_run impl_1
close_sim
open_hw_manager
connect_hw_server -allow_non_jtag
disconnect_hw_server localhost:3121
connect_hw_server -allow_non_jtag
open_hw_target
set_property PROGRAM.FILE {D:/new_single_synchronisation_with_EM/new_single_synchronisation.runs/impl_1/top.bit} [get_hw_devices xc7a200t_0]
set_property PROBES.FILE {D:/new_single_synchronisation_with_EM/new_single_synchronisation.runs/impl_1/top.ltx} [get_hw_devices xc7a200t_0]
set_property FULL_PROBES.FILE {D:/new_single_synchronisation_with_EM/new_single_synchronisation.runs/impl_1/top.ltx} [get_hw_devices xc7a200t_0]
current_hw_device [get_hw_devices xc7a200t_0]
refresh_hw_device [lindex [get_hw_devices xc7a200t_0] 0]
set_property PROBES.FILE {D:/new_single_synchronisation_with_EM/new_single_synchronisation.runs/impl_1/top.ltx} [get_hw_devices xc7a200t_0]
set_property FULL_PROBES.FILE {D:/new_single_synchronisation_with_EM/new_single_synchronisation.runs/impl_1/top.ltx} [get_hw_devices xc7a200t_0]
set_property PROGRAM.FILE {D:/new_single_synchronisation_with_EM/new_single_synchronisation.runs/impl_1/top.bit} [get_hw_devices xc7a200t_0]
program_hw_devices [get_hw_devices xc7a200t_0]
refresh_hw_device [lindex [get_hw_devices xc7a200t_0] 0]
display_hw_ila_data [ get_hw_ila_data hw_ila_data_1 -of_objects [get_hw_ilas -of_objects [get_hw_devices xc7a200t_0] -filter {CELL_NAME=~"ILA"}]]
set_property PROBES.FILE {D:/new_single_synchronisation_with_EM/new_single_synchronisation.runs/impl_1/top.ltx} [get_hw_devices xc7a200t_0]
set_property FULL_PROBES.FILE {D:/new_single_synchronisation_with_EM/new_single_synchronisation.runs/impl_1/top.ltx} [get_hw_devices xc7a200t_0]
set_property PROGRAM.FILE {D:/new_single_synchronisation_with_EM/new_single_synchronisation.runs/impl_1/top.bit} [get_hw_devices xc7a200t_0]
program_hw_devices [get_hw_devices xc7a200t_0]
refresh_hw_device [lindex [get_hw_devices xc7a200t_0] 0]
display_hw_ila_data [ get_hw_ila_data hw_ila_data_1 -of_objects [get_hw_ilas -of_objects [get_hw_devices xc7a200t_0] -filter {CELL_NAME=~"ILA"}]]
close_hw_manager
reset_run impl_1 -prev_step 
launch_runs impl_1 -to_step write_bitstream -jobs 11
wait_on_run impl_1
open_hw_manager
connect_hw_server -allow_non_jtag
open_hw_target
set_property PROGRAM.FILE {D:/new_single_synchronisation_with_EM/new_single_synchronisation.runs/impl_1/top.bit} [get_hw_devices xc7a200t_0]
set_property PROBES.FILE {D:/new_single_synchronisation_with_EM/new_single_synchronisation.runs/impl_1/top.ltx} [get_hw_devices xc7a200t_0]
set_property FULL_PROBES.FILE {D:/new_single_synchronisation_with_EM/new_single_synchronisation.runs/impl_1/top.ltx} [get_hw_devices xc7a200t_0]
current_hw_device [get_hw_devices xc7a200t_0]
refresh_hw_device [lindex [get_hw_devices xc7a200t_0] 0]
set_property PROBES.FILE {D:/new_single_synchronisation_with_EM/new_single_synchronisation.runs/impl_1/top.ltx} [get_hw_devices xc7a200t_0]
set_property FULL_PROBES.FILE {D:/new_single_synchronisation_with_EM/new_single_synchronisation.runs/impl_1/top.ltx} [get_hw_devices xc7a200t_0]
set_property PROGRAM.FILE {D:/new_single_synchronisation_with_EM/new_single_synchronisation.runs/impl_1/top.bit} [get_hw_devices xc7a200t_0]
program_hw_devices [get_hw_devices xc7a200t_0]
refresh_hw_device [lindex [get_hw_devices xc7a200t_0] 0]
display_hw_ila_data [ get_hw_ila_data hw_ila_data_1 -of_objects [get_hw_ilas -of_objects [get_hw_devices xc7a200t_0] -filter {CELL_NAME=~"ILA"}]]
reset_run synth_1
launch_runs impl_1 -to_step write_bitstream -jobs 11
wait_on_run impl_1
reset_run synth_1
launch_runs impl_1 -to_step write_bitstream -jobs 11
wait_on_run impl_1
disconnect_hw_server localhost:3121
connect_hw_server -allow_non_jtag
open_hw_target
set_property PROGRAM.FILE {D:/new_single_synchronisation_with_EM/new_single_synchronisation.runs/impl_1/top.bit} [get_hw_devices xc7a200t_0]
set_property PROBES.FILE {D:/new_single_synchronisation_with_EM/new_single_synchronisation.runs/impl_1/top.ltx} [get_hw_devices xc7a200t_0]
set_property FULL_PROBES.FILE {D:/new_single_synchronisation_with_EM/new_single_synchronisation.runs/impl_1/top.ltx} [get_hw_devices xc7a200t_0]
current_hw_device [get_hw_devices xc7a200t_0]
refresh_hw_device [lindex [get_hw_devices xc7a200t_0] 0]
set_property PROBES.FILE {D:/new_single_synchronisation_with_EM/new_single_synchronisation.runs/impl_1/top.ltx} [get_hw_devices xc7a200t_0]
set_property FULL_PROBES.FILE {D:/new_single_synchronisation_with_EM/new_single_synchronisation.runs/impl_1/top.ltx} [get_hw_devices xc7a200t_0]
set_property PROGRAM.FILE {D:/new_single_synchronisation_with_EM/new_single_synchronisation.runs/impl_1/top.bit} [get_hw_devices xc7a200t_0]
program_hw_devices [get_hw_devices xc7a200t_0]
refresh_hw_device [lindex [get_hw_devices xc7a200t_0] 0]
display_hw_ila_data [ get_hw_ila_data hw_ila_data_1 -of_objects [get_hw_ilas -of_objects [get_hw_devices xc7a200t_0] -filter {CELL_NAME=~"ILA"}]]
reset_run synth_1
launch_runs impl_1 -to_step write_bitstream -jobs 11
wait_on_run impl_1
set_property PROBES.FILE {D:/new_single_synchronisation_with_EM/new_single_synchronisation.runs/impl_1/top.ltx} [get_hw_devices xc7a200t_0]
set_property FULL_PROBES.FILE {D:/new_single_synchronisation_with_EM/new_single_synchronisation.runs/impl_1/top.ltx} [get_hw_devices xc7a200t_0]
set_property PROGRAM.FILE {D:/new_single_synchronisation_with_EM/new_single_synchronisation.runs/impl_1/top.bit} [get_hw_devices xc7a200t_0]
program_hw_devices [get_hw_devices xc7a200t_0]
refresh_hw_device [lindex [get_hw_devices xc7a200t_0] 0]
