#-----------------------------------------------------------
# Vivado v2024.2 (64-bit)
# SW Build 5239630 on Fri Nov 08 22:35:27 MST 2024
# IP Build 5239520 on Sun Nov 10 16:12:51 MST 2024
# SharedData Build 5239561 on Fri Nov 08 14:39:27 MST 2024
# Start of session at: Sun Jan 26 21:20:19 2025
# Process ID         : 25100
# Current directory  : D:/new_single_synchronisation
# Command line       : vivado.exe -gui_launcher_event rodinguilauncherevent13540 D:\new_single_synchronisation\new_single_synchronisation.xpr
# Log file           : D:/new_single_synchronisation/vivado.log
# Journal file       : D:/new_single_synchronisation\vivado.jou
# Running On         : HanYX
# Platform           : Windows Server 2016 or Windows 10
# Operating System   : 22631
# Processor Detail   : Intel(R) Core(TM) Ultra 9 185H
# CPU Frequency      : 3072 MHz
# CPU Physical cores : 16
# CPU Logical cores  : 22
# Host memory        : 33745 MB
# Swap memory        : 5100 MB
# Total Virtual      : 38845 MB
# Available Virtual  : 13791 MB
#-----------------------------------------------------------
start_gui
open_project D:/new_single_synchronisation/new_single_synchronisation.xpr
update_compile_order -fileset sources_1
open_run synth_1 -name synth_1
report_timing_summary -delay_type min_max -report_unconstrained -check_timing_verbose -max_paths 10 -input_pins -routable_nets -name timing_1
report_clock_interaction -delay_type min_max -significant_digits 3 -name timing_2
open_run impl_1
close_design
close_design
upgrade_ip -srcset ila_0 -vlnv xilinx.com:ip:ila:6.2 [get_ips  ila_0] -log ip_upgrade.log
export_ip_user_files -of_objects [get_ips ila_0] -no_script -sync -force -quiet
update_compile_order -fileset sources_1
upgrade_ip -srcset clk_wiz_0 -vlnv xilinx.com:ip:clk_wiz:6.0 [get_ips  clk_wiz_0] -log ip_upgrade.log
export_ip_user_files -of_objects [get_ips clk_wiz_0] -no_script -sync -force -quiet
update_compile_order -fileset sources_1
upgrade_ip -srcset IMU_fifo -vlnv xilinx.com:ip:fifo_generator:13.2 [get_ips  IMU_fifo] -log ip_upgrade.log
export_ip_user_files -of_objects [get_ips IMU_fifo] -no_script -sync -force -quiet
update_compile_order -fileset sources_1
set_property CONFIG.C_DATA_DEPTH {2048} [get_ips ila_0]
generate_target all [get_files  D:/new_single_synchronisation/new_single_synchronisation.srcs/sources_1/ip/ila_0/ila_0.xci]
catch { config_ip_cache -export [get_ips -all ila_0] }
export_ip_user_files -of_objects [get_files D:/new_single_synchronisation/new_single_synchronisation.srcs/sources_1/ip/ila_0/ila_0.xci] -no_script -sync -force -quiet
create_ip_run [get_files -of_objects [get_fileset sources_1] D:/new_single_synchronisation/new_single_synchronisation.srcs/sources_1/ip/ila_0/ila_0.xci]
launch_runs ila_0_synth_1 -jobs 11
wait_on_run ila_0_synth_1
export_simulation -lib_map_path [list {modelsim=D:/new_single_synchronisation/new_single_synchronisation.cache/compile_simlib/modelsim} {questa=D:/new_single_synchronisation/new_single_synchronisation.cache/compile_simlib/questa} {riviera=D:/new_single_synchronisation/new_single_synchronisation.cache/compile_simlib/riviera} {activehdl=D:/new_single_synchronisation/new_single_synchronisation.cache/compile_simlib/activehdl}] -of_objects [get_files D:/new_single_synchronisation/new_single_synchronisation.srcs/sources_1/ip/ila_0/ila_0.xci] -directory D:/new_single_synchronisation/new_single_synchronisation.ip_user_files/sim_scripts -ip_user_files_dir D:/new_single_synchronisation/new_single_synchronisation.ip_user_files -ipstatic_source_dir D:/new_single_synchronisation/new_single_synchronisation.ip_user_files/ipstatic -use_ip_compiled_libs -force -quiet
reset_run synth_1
launch_runs impl_1 -to_step write_bitstream -jobs 11
wait_on_run impl_1
open_run impl_1
open_run synth_1 -name synth_1
current_design impl_1
current_design synth_1
report_clock_networks -name {network_1}
current_design impl_1
report_timing_summary -delay_type min_max -report_unconstrained -check_timing_verbose -max_paths 10 -input_pins -routable_nets -name timing_1
